#-----------------------------------------------------------
# Vivado v2021.1 (64-bit)
# SW Build 3247384 on Thu Jun 10 19:36:33 MDT 2021
# IP Build 3246043 on Fri Jun 11 00:30:35 MDT 2021
# Start of session at: Thu Feb 24 11:24:46 2022
# Process ID: 988
# Current directory: D:/Documents/Motorvezerlo ASIC tervezes/FPGA programozas/Vivado projektek/Nexys4_Vivado_Test_Projects/test_project_1_blinky/test_project_1_blinky.runs/impl_1
# Command line: vivado.exe -log adder.vdi -applog -product Vivado -messageDb vivado.pb -mode batch -source adder.tcl -notrace
# Log file: D:/Documents/Motorvezerlo ASIC tervezes/FPGA programozas/Vivado projektek/Nexys4_Vivado_Test_Projects/test_project_1_blinky/test_project_1_blinky.runs/impl_1/adder.vdi
# Journal file: D:/Documents/Motorvezerlo ASIC tervezes/FPGA programozas/Vivado projektek/Nexys4_Vivado_Test_Projects/test_project_1_blinky/test_project_1_blinky.runs/impl_1\vivado.jou
#-----------------------------------------------------------
source adder.tcl -notrace
